
> starter_helpi@0.1.0 test
> react-scripts test --coverage

FAIL src/App.test.tsx
  ● Test suite failed to run

    Cannot find module 'react-router-dom' from 'src/pages/PreviousResultsPage.tsx'

    Require stack:
      src/pages/PreviousResultsPage.tsx
      src/App.tsx
      src/App.test.tsx

      1 | import { useState } from "react";
      2 | import { Button, Form } from "react-bootstrap";
    > 3 | import { useNavigate } from "react-router-dom";
        | ^
      4 | import "./PreviousResultsPage.css"
      5 |
      6 | export let keyData = "";

      at Resolver.resolveModule (node_modules/jest-resolve/build/resolver.js:324:11)
      at Object.<anonymous> (src/pages/PreviousResultsPage.tsx:3:1)
      at Object.<anonymous> (src/App.tsx:6:1)
      at Object.<anonymous> (src/App.test.tsx:5:1)

PASS src/pages/DetailedQuestionsPage.test.tsx
[0;33mOne of your dependencies, babel-preset-react-app, is importing the
"@babel/plugin-proposal-private-property-in-object" package without
declaring it in its dependencies. This is currently working because
"@babel/plugin-proposal-private-property-in-object" is already in your
node_modules folder for unrelated reasons, but it [1mmay break at any time[0;33m.

babel-preset-react-app is part of the create-react-app project, [1mwhich
is not maintianed anymore[0;33m. It is thus unlikely that this bug will
ever be fixed. Add "@babel/plugin-proposal-private-property-in-object" to
your devDependencies to work around this error. This will make this message
go away.[0m
  
[0;33mOne of your dependencies, babel-preset-react-app, is importing the
"@babel/plugin-proposal-private-property-in-object" package without
declaring it in its dependencies. This is currently working because
"@babel/plugin-proposal-private-property-in-object" is already in your
node_modules folder for unrelated reasons, but it [1mmay break at any time[0;33m.

babel-preset-react-app is part of the create-react-app project, [1mwhich
is not maintianed anymore[0;33m. It is thus unlikely that this bug will
ever be fixed. Add "@babel/plugin-proposal-private-property-in-object" to
your devDependencies to work around this error. This will make this message
go away.[0m
  
PASS src/pages/BasicQuestionsPage.test.tsx
[0;33mOne of your dependencies, babel-preset-react-app, is importing the
"@babel/plugin-proposal-private-property-in-object" package without
declaring it in its dependencies. This is currently working because
"@babel/plugin-proposal-private-property-in-object" is already in your
node_modules folder for unrelated reasons, but it [1mmay break at any time[0;33m.

babel-preset-react-app is part of the create-react-app project, [1mwhich
is not maintianed anymore[0;33m. It is thus unlikely that this bug will
ever be fixed. Add "@babel/plugin-proposal-private-property-in-object" to
your devDependencies to work around this error. This will make this message
go away.[0m
  
----------------------------|---------|----------|---------|---------|---------------------------------
File                        | % Stmts | % Branch | % Funcs | % Lines | Uncovered Line #s               
----------------------------|---------|----------|---------|---------|---------------------------------
All files                   |   34.61 |    21.66 |   24.03 |   34.07 |                                 
 src                        |       0 |        0 |       0 |       0 |                                 
  App.tsx                   |       0 |      100 |       0 |       0 | 41-61                           
  Auth.tsx                  |       0 |        0 |       0 |       0 | 19-58                           
  index.tsx                 |       0 |      100 |     100 |       0 | 7-19                            
  reportWebVitals.ts        |       0 |        0 |       0 |       0 | 3-10                            
 src/pages                  |   47.88 |    38.23 |   27.27 |   47.61 |                                 
  BasicQuestion.tsx         |      50 |      100 |   66.66 |      50 | 19-21                           
  BasicQuestionsList.tsx    |     100 |      100 |     100 |     100 |                                 
  BasicQuestionsPage.tsx    |    80.3 |       80 |   57.89 |   80.64 | 17,55,63-69,77,88,149-159       
  DetailedQuestion.tsx      |   33.33 |       40 |      50 |   33.33 | 22-30                           
  DetailedQuestionsList.tsx |     100 |      100 |     100 |     100 |                                 
  DetailedQuestionsPage.tsx |   66.66 |       50 |   46.66 |   68.57 | 15,34-35,43,51-57,66,77,102,116 
  Home.tsx                  |       0 |        0 |       0 |       0 | 9-100                           
  LoginPage.tsx             |       0 |        0 |       0 |       0 | 7-89                            
  MyProfilePage.tsx         |       0 |        0 |       0 |       0 | 7-55                            
  PreviousResultsPage.tsx   |       0 |        0 |       0 |       0 | 6-35                            
 src/pages/components       |   13.97 |        0 |   23.52 |   13.04 |                                 
  BasicOpenAiChapGPT.tsx    |       0 |        0 |       0 |       0 | 14-76                           
  DetailedOpenAiChapGPT.tsx |       0 |        0 |       0 |       0 | 14-125                          
  ProgressBar.tsx           |     100 |      100 |     100 |     100 |                                 
  debugDetailed.tsx         |   66.66 |      100 |   42.85 |   64.28 | 27-43                           
----------------------------|---------|----------|---------|---------|---------------------------------

Test Suites: 1 failed, 2 passed, 3 total
Tests:       25 passed, 25 total
Snapshots:   0 total
Time:        5.849 s
Ran all test suites.
